<!DOCTYPE html>
<html lang="en">
<head>
    <meta charset="UTF-8">
    <meta name="viewport" content="width=device-width, initial-scale=1.0">
    <title>Golden</title>
    <link rel="stylesheet" href="css/main.css">

    <link href="https://fonts.googleapis.com/css2?family=Montserrat:wght@400;700&display=swap" rel="stylesheet">
    <link href="https://fonts.googleapis.com/css2?family=Roboto+Slab&display=swap" rel="stylesheet">
</head>
<body>
    <header class="header">
        <div class="header-overlay"></div>
        <div class="header-container">
            <img src="../Golden/images/Logo-Treehouse.svg" alt="logo" class="header-logo">
            <nav class="nav">
                <a href="#">Home</a>
                <a href="#">Services</a>
                <a href="#">Portfolio</a>
                <a href="#">About</a>
                <a href="#">Contact</a>
                </ul>
            </nav>
        </div>

        <div class="header-title__container">
            <h3 class="header-subtitle">Welcome To Our Studio!</h3>
            <h1 class="header-title">Itâ€™s nice to Meet you</h1>
            <button class="button">Tell Me More</button>
        </div>
    </header>

    <section class="section-services">
        <div class="section-container">
            <div class="section-title__wrapper">
                <h3 class="section-title">Services</h3>
                <p class="section-subtitle">Proin iaculis purus consequat sem cure.</p>
            </div>
            <div class="services-content">
                <div class="services-content__item">
                    <img class="services-content__icon" src="images/icons/Icon-Basket.svg">
                    <h4 class="services-content__title">E-Commerce</h4>
                    <p class="services-content__text">
                    Proin iaculis purus consequat sem cure 
                    digni ssim. Donec porttitora entum suscipit 
                    aenean rhoncus posuere odio in tincidunt.</p>
                </div>
                <div class="services-content__item">
                    <img class="services-content__icon" src="images/icons/Icon-Laptop.svg">
                    <h4 class="services-content__title">Responsive Web</h4>
                    <p class="services-content__text">
                    Proin iaculis purus consequat sem cure 
                    digni ssim. Donec porttitora entum suscipit 
                    aenean rhoncus posuere odio in tincidunt.</p>
                </div>
                <div class="services-content__item">
                    <img class="services-content__icon" src="images/icons/Icon-Locked.svg">
                    <h4 class="services-content__title">Web Security</h4>
                    <p class="services-content__text">
                    Proin iaculis purus consequat sem cure 
                    digni ssim. Donec porttitora entum suscipit 
                    aenean rhoncus posuere odio in tincidunt.</p>
                </div>
            </div>
        </div>
    </section>

    <section class="our-portfolio">
        <div class="section-container">
            <div class="section-title__wrapper">
                <h3 class="section-title">Our portfolio</h3>
                <p class="section-subtitle">Proin iaculis purus consequat sem cure.</p>
            </div>
            <div class="portfolio-content">
                <div class="portfolio-content__item">
                    <div class="portfolio-content__img" style="background-image: url(images/portfolio/Image.png);"></div>
                    <h4 class="portfolio-content__title">Ebony & Ivory</h4>
                    <span class="portfolio-content__subtitle">Branding</span>
                </div>
                <div class="portfolio-content__item">
                    <div class="portfolio-content__img" style="background-image: url(images/portfolio/Image1.png);"></div>
                    <h4 class="portfolio-content__title">Smart Stationary</h4>
                    <span class="portfolio-content__subtitle">Print Design</span>
                </div>
                <div class="portfolio-content__item">
                    <div class="portfolio-content__img" style="background-image: url(images/portfolio/Image2.png);"></div>
                    <h4 class="portfolio-content__title">Clever Poster</h4>
                    <span class="portfolio-content__subtitle">Print Design</span>
                </div>
            </div>
            <div class="portfolio-content indent">
                <div class="portfolio-content__item">
                    <div class="portfolio-content__img" style="background-image: url(images/portfolio/Image3.png);"></div>
                    <h4 class="portfolio-content__title">Vinyl Record</h4>
                    <span class="portfolio-content__subtitle">Product Mock-Up</span>
                </div>
                <div class="portfolio-content__item">
                    <div class="portfolio-content__img" style="background-image: url(images/portfolio/Image4.png);"></div>
                    <h4 class="portfolio-content__title">Treehouse Template</h4>
                    <span class="portfolio-content__subtitle">Web Design</span>
                </div>
                <div class="portfolio-content__item">
                    <div class="portfolio-content__img" style="background-image: url(images/portfolio/Image5.png);"></div>
                    <h4 class="portfolio-content__title">Burned Logo </h4>
                    <span class="portfolio-content__subtitle">Branding</span>
                </div>
            </div>
        </div>
    </section>

    <section class="about_us">
        <div class="section-container">
            <div class="section-title__wrapper">
                <h3 class="section-title">About us</h3>
                <p class="section-subtitle">Proin iaculis purus consequat sem cure.</p>
            </div>
        </div>
        <div class="about_us-wrapper">
            <div class="abous_us__item">
                <div class="about_us__content">
                    <h4 class="about_us__date">July 2010</h4>
                    <h4 class="about_us__title">Our Humble Beginnings</h4>
                    <p class="about_us__text">Proin iaculis purus consequat sem cure 
                        digni ssim. Donec porttitora entum suscipit 
                        aenean rhoncus posuere odio in tincidunt. Proin 
                        iaculis purus consequat sem cure digni 
                        ssim. Donec porttitora entum suscipit.</p>
                </div>
                <img src="images/about_us/Image_about.png" alt="image" class="about_us-img">
            </div>
            <div class="abous_us__item-right">
                <img src="images/about_us/Image_about1.png" alt="image" class="about_us-img">
                <div class="about_us__content-right">
                    <h4 class="about_us__date">January 2011</h4>
                    <h4 class="about_us__title">Facing Startup Battles</h4>
                    <p class="about_us__text">Proin iaculis purus consequat sem cure 
                        digni ssim. Donec porttitora entum suscipit 
                        aenean rhoncus posuere odio in tincidunt. Proin 
                        iaculis purus consequat sem cure digni 
                        ssim. Donec porttitora entum suscipit.</p>
                </div>
            </div>
            <div class="abous_us__item">
                <div class="about_us__content">
                    <h4 class="about_us__date">December 2012</h4>
                    <h4 class="about_us__title">Enter The Dark Days</h4>
                    <p class="about_us__text">Proin iaculis purus consequat sem cure 
                        digni ssim. Donec porttitora entum suscipit 
                        aenean rhoncus posuere odio in tincidunt. Proin 
                        iaculis purus consequat sem cure digni 
                        ssim. Donec porttitora entum suscipit.</p>
                </div>
                <img src="images/about_us/Image_about3.png" alt="image" class="about_us-img">
            </div>
            <div class="abous_us__item-right">
                <a href="#"><img src="images/about_us/Image_about - continues.png" alt="image" class="about_us-img"></a>
            </div>
              
        </div>
    </section>

    <section class="our-amazing-team">
        <div class="section-container">
            <div class="section-title__wrapper">
                <h3 class="section-title">Our amazing team</h3>
                <p class="section-subtitle">Proin iaculis purus consequat sem cure.</p>
            </div>
            <div class="amazing-team__wrapper">
                <div class="amazing-team__item">
                    <div class="amazing-team__img"></div>
                    <h4 class="name">Kimberly Thompson</h4>
                    <span class="position">Marketer</span>
                </div>
                <div class="amazing-team__item">
                    <div class="amazing-team__img"></div>
                    <h4 class="name">Rico Massimo</h4>
                    <span class="position">Coder</span>
                </div>
                <div class="amazing-team__item">
                    <div class="amazing-team__img"></div>
                    <h4 class="name">Uku Mason</h4>
                    <span class="position">Graphic Designer</span>
                </div>
            </div>
            <span class="amazing-team__bottom-text">Proin iaculis purus consequat sem cure  digni ssim donec porttitora entum suscipit  
                aenean rhoncus posuere odio in tincidunt proin iaculis.</span>
        </div>
    </section>

    <section class="cms">
        <div class="cms-wrapper">
            <img src="images/cms/WordPress.png" alt="logo">
            <img src="images/cms/Tuts+.png" alt="logo">
            <img src="images/cms/Microlancer copy.png" alt="logo">
            <img src="images/cms/Envato.png" alt="logo">
        </div>
    </section>

    <section class="contact_us">
        <div class="contact_us__container">
            <div class="section-title__wrapper">
                <h3 class="section-title white-color">Contact us</h3>
                <p class="section-subtitle">Proin iaculis purus consequat sem cure.</p>
            </div>
            <form action="" class="message-form">
                <div class="form-wrapper">
                    <input type="text" class="message-form__data" placeholder="your Name *">
                    <input type="text" class="message-form__data" placeholder="your e-mail *">
                    <input type="text" class="message-form__data" placeholder="subject">
                </div>
                <div class="form-wrapper">
                    <textarea placeholder="Your message *" class="message-text"></textarea>
                </div>
            </form>
            <button class="button button-footer">Send Message</button>
        </div>
        
    </section>

    <script src="libs/script.js"></script>
</body>
</html>